=== v9 2x2 Interaction Harness [TASK W5] ===
Checkpoint: sa0_ckpt_v9_fold0_seed0.pt | Device: cuda
Config: batch=48, n_eval=1500, n_boot=20000, seed=0

--- unseen_cell (eligible=7276, requested=1500, bound=True, evaluated=1500) ---
  Scores (median Pearson) : S11=+0.51687  S01=+0.51156  S10=+0.42636  S00=+0.43648
  Atom effect (with ctx)  : +0.00530  CI95 [+0.00023, +0.01383]
  Atom effect (no ctx)    : -0.01012  CI95 [-0.01616, -0.00190]
  Context effect (w/ atoms: +0.09050 | w/o atoms: +0.07508
  INTERACTION             : +0.01542  CI95 [+0.00616, +0.02516]  (excludes 0)
  Paired-mean interaction : +0.01200  CI95 [+0.00920, +0.01480]
  |dY|max                 : atom=5.6847  context=9.1892

--- unseen_compound (eligible=10384, requested=1500, bound=True, evaluated=1500) ---
  Scores (median Pearson) : S11=+0.56877  S01=+0.58690  S10=+0.45198  S00=+0.46895
  Atom effect (with ctx)  : -0.01814  CI95 [-0.02635, -0.00916]
  Atom effect (no ctx)    : -0.01697  CI95 [-0.02353, -0.01093]
  Context effect (w/ atoms: +0.11679 | w/o atoms: +0.11795
  INTERACTION             : -0.00116  CI95 [-0.01080, +0.00998]  (SPANS ZERO)
  Paired-mean interaction : -0.00938  CI95 [-0.01326, -0.00547]
  |dY|max                 : atom=3.7750  context=6.0822

--- unseen_both (eligible=2988, requested=1500, bound=True, evaluated=1500) ---
  Scores (median Pearson) : S11=+0.47750  S01=+0.50387  S10=+0.37954  S00=+0.39797
  Atom effect (with ctx)  : -0.02637  CI95 [-0.03618, -0.01628]
  Atom effect (no ctx)    : -0.01843  CI95 [-0.02381, -0.00883]
  Context effect (w/ atoms: +0.09796 | w/o atoms: +0.10590
  INTERACTION             : -0.00794  CI95 [-0.02182, +0.00161]  (SPANS ZERO)
  Paired-mean interaction : -0.00258  CI95 [-0.00567, +0.00039]
  |dY|max                 : atom=3.5266  context=5.3395

Wrote 2x2 interaction results to C:\Projects\LINCS\model\results\v9_interaction_2x2_sa0_ckpt_v9_fold0_seed0.json
